input   : /tmp/apd_all/data/raw/trade-register.csv
schema  : NEW
measure : all
rows    : 60,789
'Local production' values: {'no': 50564, 'yes': 10225}

Mapped rows outside the COW membership spell (≤2024; informational):
                name  ccode  rows   tiv  yr_min  yr_max side
  East Germany (GDR)  265.0    14 309.6    1950    1953  rec
              Brunei  835.0    37 281.8    1965    1983  rec
            Zimbabwe  552.0    23 203.5    1950    1963  rec
United Arab Emirates  696.0    11  91.6    1968    1970  rec
         South Sudan  626.0     6  84.2    2007    2010  rec
                Oman  698.0    14  81.3    1959    1970  rec
               Syria  652.0     7  74.6    1959    1960  rec
             Germany  260.0     4  66.2    1953    1954  sup
              Kuwait  690.0     7  51.6    1953    1960  rec
               Tonga  955.0     5  18.3    1986    1996  rec
             Ukraine  369.0     1  12.0    1956    1956  sup
               Qatar  694.0     5  11.4    1968    1970  rec

==============================================================================
SIPRI INGEST — PASSED
==============================================================================
{
  "input": "/tmp/apd_all/data/raw/trade-register.csv",
  "schema": "NEW",
  "measure": "all",
  "rows_read": 60789,
  "rows_per_delivery_year": 60789,
  "local_production_values": {
    "no": 50564,
    "yes": 10225
  },
  "legacy_replication_factor": 1.0,
  "distinct_names": 258,
  "dropped_by_reason": {
    "drop: crosswalk": {
      "name_side_pairs": 8,
      "rows": 492,
      "tiv": 3064.47
    },
    "drop: international organisation (**)": {
      "name_side_pairs": 8,
      "rows": 113,
      "tiv": 6996.27
    },
    "drop: non-state recipient (*)": {
      "name_side_pairs": 58,
      "rows": 386,
      "tiv": 1634.36
    }
  },
  "unmatched": 0,
  "outside_membership_tiv": 1312.8,
  "tiv_all": 2121835.5,
  "tiv_local": 565861.5,
  "tiv_crossborder": 1555974.0,
  "tiv_in_flow_file": 2121835.5,
  "years": [
    1950,
    2025
  ],
  "recipients": 187,
  "suppliers": 128,
  "flow_rows": 22914,
  "local_flag_share_of_all_tiv": 0.2667
}

Outputs in /tmp/apd_all/data/derived
