/sessions/admiring-epic-newton/.local/lib/python3.10/site-packages/statsmodels/discrete/discrete_model.py:268: ConvergenceWarning: Maximum Likelihood optimization failed to converge. Check mle_retvals
  mlefit = super().fit(
/sessions/admiring-epic-newton/.local/lib/python3.10/site-packages/statsmodels/discrete/discrete_model.py:268: ConvergenceWarning: Maximum Likelihood optimization failed to converge. Check mle_retvals
  mlefit = super().fit(
/sessions/admiring-epic-newton/.local/lib/python3.10/site-packages/statsmodels/discrete/discrete_model.py:268: ConvergenceWarning: Maximum Likelihood optimization failed to converge. Check mle_retvals
  mlefit = super().fit(
/sessions/admiring-epic-newton/.local/lib/python3.10/site-packages/statsmodels/discrete/discrete_model.py:268: ConvergenceWarning: Maximum Likelihood optimization failed to converge. Check mle_retvals
  mlefit = super().fit(
/sessions/admiring-epic-newton/.local/lib/python3.10/site-packages/statsmodels/discrete/discrete_model.py:268: ConvergenceWarning: Maximum Likelihood optimization failed to converge. Check mle_retvals
  mlefit = super().fit(
region         era                     N   on  sharedDom OR      p   overlap OR      p
MENA           Cold War 1955-89     1318   84         0.851  0.680        0.461  0.186
MENA           Post-1990            1016   41         0.460  0.125        0.656  0.478
Asia-Pacific   Cold War 1955-89     1465   75         0.907  0.738        0.738  0.393
Asia-Pacific   Post-1990            1705   85         1.734  0.024        2.594  0.006
Europe         Cold War 1955-89     3520   48         1.529  0.312        1.538  0.480
Europe         Post-1990            3501   30         1.317  0.710        1.079  0.935
SubSah.Africa  Cold War 1955-89      911   28         0.622  0.494        0.432  0.355
SubSah.Africa  Post-1990             453    9         0.000  0.000        0.765  0.755
S.America      Cold War 1955-89      628   19         1.683  0.548        4.097  0.179
S.America      Post-1990             388    9         0.000  0.000        0.854  0.835  (lean)
N.Am/Carib     Cold War 1955-89      653   20         1.232  0.692        0.904  0.878
cross-region   Cold War 1955-89    13589  157         0.471  0.020        0.402  0.022
cross-region   Post-1990           12989   90         0.534  0.145        0.449  0.089

Saved FIG_patron_by_region_era.png, region_era_patron_results.csv
