saved CASE_iraq_syria.png

USSR->Iraq TIV 1978-84: [1675, 1234, 1759, 1561, 1842, 1560, 2526]
USSR->Syria TIV 1978-84: [791, 1586, 1692, 1302, 1809, 2155, 1715]
saved CASE_hungary_romania.png
saved CASE_greece_turkey.png

USA->Turkey TIV 1972-80: [607, 724, 1232, 405, 164, 165, 762, 755, 185]
saved CASE_egypt_israel.png

USSR->Egypt TIV 1970-80: [1914, 1979, 3253, 2487, 878, 100, 10, 10, 0, 0, 0]
USA ->Egypt TIV 1975-85: [0, 56, 112, 9, 339, 414, 890, 1369, 970, 383, 454]

OFF-the-line top10:
   dyad  years  onsets  predicted  patron_share_yrs  residual
CHN-IND     44       9       2.08              0.57      6.92
IRQ-SYR     45       7       2.38              0.73      4.62
GRC-TUR     59       8       4.09              0.53      3.91
CHN-PRK     24       5       1.41              0.92      3.59
CHN-DRV     36       5       2.01              0.61      2.99
EGY-ISR     59       9       6.04              0.51      2.96
ROK-JPN     24       4       1.45              1.00      2.55
HON-SAL     44       5       2.67              0.64      2.33
GUA-UKG     54       3       0.94              0.65      2.06
PNG-SOL      8       2       0.20              0.50      1.80

ON-the-line (conc>=0.9, years>=20):
   dyad  years  onsets  predicted  patron_share_yrs  residual
SAL-JPN     24       0       0.03              0.92     -0.03
ISR-JPN     24       0       0.04              1.00     -0.04
UKG-ROK     24       0       0.04              1.00     -0.04
BAH-JPN     24       0       0.05              0.92     -0.05
UKG-JPN     58       0       0.28              0.97     -0.28
POL-CZE     28       0       0.99              1.00     -0.99
HUN-CZE     30       0       1.16              1.00     -1.16
ROK-JPN     24       4       1.45              1.00      2.55
CHN-PRK     24       5       1.41              0.92      3.59
