VALIDATION — Iraq's outside options (suppliers >5% besides top):
  1965: outside=1  top3=[(365, 0.93), (200, 0.07)]
  1970: outside=1  top3=[(365, 0.89), (315, 0.06), (220, 0.03)]
  1974: outside=0  top3=[(365, 0.99), (220, 0.01), (200, 0.0)]
  1978: outside=0  top3=[(365, 0.94), (220, 0.03), (315, 0.02)]
  1982: outside=1  top3=[(365, 0.79), (220, 0.12), (710, 0.03)]
  1986: outside=2  top3=[(365, 0.58), (710, 0.2), (220, 0.16)]
  1990: outside=2  top3=[(365, 0.68), (710, 0.18), (220, 0.08)]

locked share (both no alternative >5%): CW=11.3%, full=9.5%

=== LOCKED-DYAD TEST (the substitutability hypothesis) ===
S1 Cold War: sd_w5 x locked                              N= 24349 ev= 434 | sd_w5: OR=0.653 p=0.011 | locked: OR=0.752 p=0.136 | sd_w5:locked: OR=1.296 p=0.445
     -> patron effect when LOCKED:   OR=0.847
     -> patron effect with options:  OR=0.653
S2 Cold War: among locked dyads only                     N=  2007 ev=  41 | sd_w5: OR=1.450 p=0.382
S3 Cold War: among dyads with options                    N= 22342 ev= 393 | sd_w5: OR=0.643 p=0.008
S4 Cold War: + continuous outside options                N= 24349 ev= 434 | sd_w5: OR=0.717 p=0.023 | out_min: OR=1.205 p=0.005
S1 Full 1955-2014: sd_w5 x locked                        N= 53003 ev= 768 | sd_w5: OR=0.715 p=0.013 | locked: OR=0.911 p=0.555 | sd_w5:locked: OR=1.009 p=0.974
     -> patron effect when LOCKED:   OR=0.721
     -> patron effect with options:  OR=0.715
S2 Full 1955-2014: among locked dyads only               N=  4123 ev=  61 | sd_w5: OR=0.691 p=0.258
S3 Full 1955-2014: among dyads with options              N= 48880 ev= 707 | sd_w5: OR=0.716 p=0.013
S4 Full 1955-2014: + continuous outside options          N= 53003 ev= 768 | sd_w5: OR=0.739 p=0.016 | out_min: OR=1.108 p=0.027

panel updated with out_i, out_j, locked, out_min
