====================================================================================================
1. PATRON-SELECTION ALTERNATIVE
====================================================================================================
  baseline: P(lose shared patron within 3 yrs | no onset)=37.8%, | onset=35.5%  (n onsets=121)
1a  lose shared patron within 3y ~ onset                     N=  8387 ev=3192  onset: OR=1.257 p=0.197
1a  lose shared patron next year ~ onset                     N=  8874 ev=1450  onset: OR=1.623 p=0.040
1b  CW: dyads at peace >=20 yrs                              N= 16831 ev= 113  sd_w5: OR=0.547 p=0.039
1b  CW: dyads at peace >=10 yrs                              N= 21366 ev= 212  sd_w5: OR=0.556 p=0.003
1b  full: dyads at peace >=20 yrs                            N= 41699 ev= 222  sd_w5: OR=0.490 p=0.001
1b  full: dyads at peace >=10 yrs                            N= 47520 ev= 361  sd_w5: OR=0.562 p=0.000
1c  CW: sharing established >=5y before t                    N= 20290 ev= 345  sd_est5: OR=0.693 p=0.107
1c  full: sharing established >=5y before t                  N= 43986 ev= 643  sd_est5: OR=0.794 p=0.198

====================================================================================================
2. ORIGINATOR-ONLY ONSETS (coalition joiners dropped)
====================================================================================================
  onsets all-dyads=948 vs originator-only=805
2   CW primary, originator dyads only                        N= 24349 ev= 370  sd_w5: OR=0.692 p=0.020
2   full, shared US, originator only                         N= 53003 ev= 656  shared_us_w5: OR=0.756 p=0.113
2   CW same-top, originator only                             N= 24349 ev= 370  same_top5: OR=0.751 p=0.049

====================================================================================================
3. NO TRADE CONTROL (keeps Eastern-bloc dyads)
====================================================================================================
3   CW sd_w5          WITH trade control                     N= 24349 ev= 434  sd_w5: OR=0.661 p=0.005
3   CW sd_w5          NO trade control                       N= 25629 ev= 467  sd_w5: OR=0.673 p=0.004
3   CW shared_us_w5   WITH trade control                     N= 24349 ev= 434  shared_us_w5: OR=0.770 p=0.154
3   CW shared_us_w5   NO trade control                       N= 25629 ev= 467  shared_us_w5: OR=0.721 p=0.066
3   CW shared_sov_w5  WITH trade control                     N= 24349 ev= 434  shared_sov_w5: OR=0.564 p=0.094
3   CW shared_sov_w5  NO trade control                       N= 25629 ev= 467  shared_sov_w5: OR=0.674 p=0.125

====================================================================================================
4. FULL POLREL SAMPLE (no both-importer conditioning)
====================================================================================================
4   CW: sd (0 if not both-import) + both-import dummy        N= 26114 ev= 445  sd_w5_0: OR=0.661 p=0.005 | both_imp_w5: OR=2.350 p=0.012
4   full: sd (0 if not both-import) + both-import dummy      N= 62128 ev= 866  sd_w5_0: OR=0.710 p=0.006 | both_imp_w5: OR=0.982 p=0.874

====================================================================================================
5. YEAR FIXED EFFECTS
====================================================================================================
5   CW primary + year FE                                     N= 24349 ev= 434  sd_w5: OR=0.701 p=0.019
5   full shared US + year FE                                 N= 53003 ev= 768  shared_us_w5: OR=0.697 p=0.051

====================================================================================================
6. ASIA-PACIFIC: which shared-patron dyads have onsets?
====================================================================================================
d
BNG-MYA                                  [1991]
CAM-LAO                                  [1977]
CAM-RVN                                  [1956]
CHN-DRV                            [2002, 2010]
CHN-IND          [1969, 1973, 2003, 2007, 2009]
CHN-MON                                  [1973]
CHN-PRK                            [2003, 2010]
IND-BNG                                  [2001]
IND-MYA                                  [1957]
IND-PAK                                  [1955]
JPN-PHI                                  [1982]
KYR-UZB                                  [2005]
MAL-PHI                                  [1979]
MYA-THI                            [1975, 1977]
PNG-SOL                                  [1993]
ROK-JPN    [1958, 1966, 1996, 1999, 2005, 2011]
TAJ-UZB                                  [2011]
TAW-JPN    [1996, 2003, 2005, 2008, 2010, 2012]
TAW-PHI                      [1956, 2003, 2013]
THI-CAM                                  [1975]
THI-LAO                [1960, 1964, 1970, 1975]
