(a) FLIP RATES consecutive dyad-years: single-year 12.9%  |  5-yr window 5.0%
    [memo claim: single-year 11.6%]

(b) COLD WAR 1955-89, both-importers (5-yr window measure)
  w5 shared dominant patron (no UNGA)                      N= 27013 on= 489  OR=0.627 p=0.003
  w5 + UNGA ideal-dist   [memo: OR=0.66 p=0.005]           N= 23952 on= 433  OR=0.651 p=0.006
  no-defense-pact subsample [memo: OR=0.65 p=0.032]        N= 18455 on= 311  OR=0.672 p=0.052
  top-10 exporters (ccode): [2, 365, 220, 200, 710, 325, 255, 315, 210, 260]
  drop dyads containing top-10 exporter                    N=  7524 on= 257  OR=0.743 p=0.078

(c) ESCALATION | dispute occurred: 2181 dyadic disputes 1955-2014  [memo: 3,396]
   war (hostlev=5)      N=1906  shared-patron OR=0.356 p=0.029   [memo: war OR=1.56 p=0.49; fatality OR=0.90 p=0.75]
   any fatality         N=1751  shared-patron OR=0.740 p=0.156   [memo: war OR=1.56 p=0.49; fatality OR=0.90 p=0.75]

(d) RESIDUAL RANKING among dyads sharing patron >=50% of years (n=177)
   OFF-the-line (worst over-performers):
   dyad  years  onsets  predicted  patron_share  residual
CHN-IND     40       8       1.81          0.65      6.19
IRQ-SYR     45       7       2.31          0.73      4.69
GRC-TUR     59       8       3.85          0.64      4.15
CHN-PRK     16       4       0.81          0.94      3.19
CHN-DRV     36       5       1.90          0.64      3.10
ROK-JPN     24       4       1.38          1.00      2.62
   ON-the-line (best-fitting, full concentration):
   dyad  years  onsets  predicted  patron_share  residual
ETH-YEM      3       0       0.01           1.0     -0.01
VAN-SOL      4       0       0.01           1.0     -0.01
UZB-CHN     10       0       0.01           1.0     -0.01
TAJ-CHN     13       0       0.02           1.0     -0.02
UZB-KZK     10       0       0.02           1.0     -0.02
KZK-CHN     19       0       0.03           1.0     -0.03

panel updated with sd_w5, both_imp_w5, unga
